5 -7 67.4699
-1 -7 68.6747
5 -1 51.8072
-1 -1 51.8072
11 -7 67.4699
11 -1 51.8072
5 -13 71.0843
-1 -13 51.8072
11 -13 56.6265
-3 -7 51.8072
-3 -1 51.8072
-3 -13 51.8072
5 1 51.8072
-1 1 51.8072
11 1 51.8072
-3 1 51.8072
9 -7 67.4699
9 -1 51.8072
9 -13 69.8795
9 1 51.8072
5 -11 68.6747
-1 -11 51.8072
11 -11 61.4458
-3 -11 51.8072
9 -11 61.4458
3 -7 69.8795
3 -1 51.8072
3 -13 65.0602
3 1 51.8072
3 -11 71.0843
5 -5 65.0602
-1 -5 66.2651
11 -5 65.0602
-3 -5 51.8072
9 -5 65.0602
3 -5 65.0602
15 -7 67.4699
15 -1 51.8072
15 -13 56.6265
15 1 51.8072
15 -11 61.4458
15 -5 65.0602
5 -15 63.8554
-1 -15 51.8072
11 -15 67.4699
-3 -15 51.8072
9 -15 67.4699
3 -15 51.8072
15 -15 56.6265
-5 -7 51.8072
-5 -1 51.8072
-5 -13 51.8072
-5 1 51.8072
-5 -11 51.8072
-5 -5 51.8072
-5 -15 51.8072
5 3 51.8072
-1 3 51.8072
11 3 51.8072
-3 3 51.8072
9 3 51.8072
3 3 51.8072
15 3 51.8072
-5 3 51.8072
7 -7 67.4699
7 -1 51.8072
7 -13 66.2651
7 1 51.8072
7 -11 71.0843
7 -5 65.0602
7 -15 71.0843
7 3 51.8072
5 -9 69.8795
-1 -9 60.241
11 -9 65.0602
-3 -9 51.8072
9 -9 65.0602
3 -9 68.6747
15 -9 65.0602
-5 -9 51.8072
7 -9 65.0602
1 -7 66.2651
1 -1 51.8072
1 -13 51.8072
1 1 51.8072
1 -11 67.4699
1 -5 63.8554
1 -15 51.8072
1 3 51.8072
1 -9 69.8795
5 -3 59.0361
-1 -3 51.8072
11 -3 59.0361
-3 -3 51.8072
9 -3 59.0361
3 -3 59.0361
15 -3 59.0361
-5 -3 51.8072
7 -3 59.0361
1 -3 59.0361
13 -7 67.4699
13 -1 51.8072
13 -13 56.6265
13 1 51.8072
13 -11 61.4458
13 -5 65.0602
13 -15 56.6265
13 3 51.8072
13 -9 65.0602
13 -3 59.0361
